// Vitest Snapshot v1, https://vitest.dev/guide/snapshot.html

exports[`Конфиг base > Имеет все параметры 1`] = `
[
  {
    "name": "general/base",
    "settings": {
      "vue-i18n": {
        "localeDir": "./assets/lang/*.json",
        "messageSyntaxVersion": "^9.0.0",
      },
    },
  },
]
`;
